// Vitest Snapshot v1, https://vitest.dev/guide/snapshot.html

exports[`should match the snapshot 1`] = `
<div>
  <section
    class="flex flex-col gap-8 rounded-lg border-4 border-primary-50 p-8"
  >
    <h1>
      1679492355195
    </h1>
    <p>
      You've been staring at this page for 
      0
       second(s).
    </p>
  </section>
</div>
`;
