// Vitest Snapshot v1

exports[`renders correct with no pets 1`] = `
<DocumentFragment>
  <div
    class="search"
  >
    <h1>
      No Pets Found
    </h1>
  </div>
</DocumentFragment>
`;
