// Jest Snapshot v1, https://goo.gl/fbAQLP

exports[`renders correctly with some pets 1`] = `
<Router
  history={
    Object {
      "action": "POP",
      "block": [Function],
      "createHref": [Function],
      "go": [Function],
      "goBack": [Function],
      "goForward": [Function],
      "listen": [Function],
      "location": Object {
        "hash": "",
        "pathname": "/",
        "search": "",
        "state": undefined,
      },
      "push": [Function],
      "replace": [Function],
    }
  }
  staticContext={Object {}}
>
  <Results
    pets={
      Array [
        Object {
          "animal": "dog",
          "breed": "Havanese",
          "city": "Seattle",
          "description": "Luna is actually the most adorable dog in the world. Her hobbies include yelling at squirrels, aggressively napping on her owners' laps, and asking to be fed two hours before IT'S DAMN WELL TIME LUNA. Luna is beloved by her puppy parents and lazily resides currently in Seattle, Washington.",
          "id": 1,
          "images": Array [
            "http://pets-images.dev-apis.com/pets/dog25.jpg",
            "http://pets-images.dev-apis.com/pets/dog26.jpg",
            "http://pets-images.dev-apis.com/pets/dog27.jpg",
            "http://pets-images.dev-apis.com/pets/dog28.jpg",
            "http://pets-images.dev-apis.com/pets/dog29.jpg",
          ],
          "name": "Luna",
          "state": "WA",
        },
        Object {
          "animal": "rabbit",
          "breed": "Havanese",
          "city": "Lexington",
          "description": "Maecenas leo odio, condimentum id, luctus nec, molestie sed, justo. Pellentesque viverra pede ac diam. Cras pellentesque volutpat dui.

Maecenas tristique, est et tempus semper, est quam pharetra magna, ac consequat metus sapien ut nunc. Vestibulum ante ipsum primis in faucibus orci luctus et ultrices posuere cubilia Curae; Mauris viverra diam vitae quam. Suspendisse potenti.",
          "id": 2,
          "images": Array [
            "http://pets-images.dev-apis.com/pets/rabbit0.jpg",
          ],
          "name": "Charisse",
          "state": "KY",
        },
        Object {
          "animal": "rabbit",
          "breed": "Lab",
          "city": "Dallas",
          "description": "Duis consequat dui nec nisi volutpat eleifend. Donec ut dolor. Morbi vel lectus in quam fringilla rhoncus.

Mauris enim leo, rhoncus sed, vestibulum sit amet, cursus id, turpis. Integer aliquet, massa id lobortis convallis, tortor risus dapibus augue, vel accumsan tellus nisi eu orci. Mauris lacinia sapien quis libero.

Nullam sit amet turpis elementum ligula vehicula consequat. Morbi a ipsum. Integer a nibh.",
          "id": 3,
          "images": Array [
            "http://pets-images.dev-apis.com/pets/rabbit1.jpg",
          ],
          "name": "Maitilde",
          "state": "TX",
        },
        Object {
          "animal": "rabbit",
          "breed": "Lab",
          "city": "Tampa",
          "description": "Mauris enim leo, rhoncus sed, vestibulum sit amet, cursus id, turpis. Integer aliquet, massa id lobortis convallis, tortor risus dapibus augue, vel accumsan tellus nisi eu orci. Mauris lacinia sapien quis libero.

Nullam sit amet turpis elementum ligula vehicula consequat. Morbi a ipsum. Integer a nibh.

In quis justo. Maecenas rhoncus aliquam lacus. Morbi quis tortor id nulla ultrices aliquet.",
          "id": 4,
          "images": Array [
            "http://pets-images.dev-apis.com/pets/rabbit2.jpg",
          ],
          "name": "Natalina",
          "state": "FL",
        },
        Object {
          "animal": "reptile",
          "breed": "Havanese",
          "city": "Tuscaloosa",
          "description": "Nulla ut erat id mauris vulputate elementum. Nullam varius. Nulla facilisi.

Cras non velit nec nisi vulputate nonummy. Maecenas tincidunt lacus at velit. Vivamus vel nulla eget eros elementum pellentesque.

Quisque porta volutpat erat. Quisque erat eros, viverra eget, congue eget, semper rutrum, nulla. Nunc purus.",
          "id": 5,
          "images": Array [
            "http://pets-images.dev-apis.com/pets/reptile1.jpg",
          ],
          "name": "Michail",
          "state": "AL",
        },
        Object {
          "animal": "bird",
          "breed": "Havanese",
          "city": "Carol Stream",
          "description": "Nullam sit amet turpis elementum ligula vehicula consequat. Morbi a ipsum. Integer a nibh.

In quis justo. Maecenas rhoncus aliquam lacus. Morbi quis tortor id nulla ultrices aliquet.",
          "id": 6,
          "images": Array [
            "http://pets-images.dev-apis.com/pets/bird2.jpg",
          ],
          "name": "Gizela",
          "state": "IL",
        },
        Object {
          "animal": "reptile",
          "breed": "Havanese",
          "city": "Bridgeport",
          "description": "Cras mi pede, malesuada in, imperdiet et, commodo vulputate, justo. In blandit ultrices enim. Lorem ipsum dolor sit amet, consectetuer adipiscing elit.",
          "id": 7,
          "images": Array [
            "http://pets-images.dev-apis.com/pets/reptile2.jpg",
          ],
          "name": "Laughton",
          "state": "CT",
        },
        Object {
          "animal": "dog",
          "breed": "Lab",
          "city": "Charlotte",
          "description": "Praesent id massa id nisl venenatis lacinia. Aenean sit amet justo. Morbi ut odio.",
          "id": 8,
          "images": Array [
            "http://pets-images.dev-apis.com/pets/dog0.jpg",
          ],
          "name": "Si",
          "state": "NC",
        },
        Object {
          "animal": "rabbit",
          "breed": "Lab",
          "city": "Springfield",
          "description": "Curabitur gravida nisi at nibh. In hac habitasse platea dictumst. Aliquam augue quam, sollicitudin vitae, consectetuer eget, rutrum at, lorem.

Integer tincidunt ante vel ipsum. Praesent blandit lacinia erat. Vestibulum sed magna at nunc commodo placerat.",
          "id": 9,
          "images": Array [
            "http://pets-images.dev-apis.com/pets/rabbit3.jpg",
          ],
          "name": "Lyda",
          "state": "IL",
        },
        Object {
          "animal": "dog",
          "breed": "Lab",
          "city": "Tucson",
          "description": "Donec diam neque, vestibulum eget, vulputate ut, ultrices vel, augue. Vestibulum ante ipsum primis in faucibus orci luctus et ultrices posuere cubilia Curae; Donec pharetra, magna vestibulum aliquet ultrices, erat tortor sollicitudin mi, sit amet lobortis sapien sapien non mi. Integer ac neque.",
          "id": 10,
          "images": Array [
            "http://pets-images.dev-apis.com/pets/dog1.jpg",
          ],
          "name": "Jackquelin",
          "state": "AZ",
        },
      ]
    }
  />
</Router>
`;

exports[`snapshot with no pets 1`] = `
<div
  className="search"
>
  <h1>
    No Pets Found
  </h1>
</div>
`;
